conda.exe : 
所在位置 C:\Users\wenxi\minicond
a3\shell\condabin\Conda.psm1
:153 字符: 17
+ ...             & $Env:CON
DA_EXE $Env:_CE_M $Env:_CE_C
ONDA $Command @Othe ...
+                 ~~~~~~~~~~
~~~~~~~~~~~~~~~~~~~~~~~~~~~~
~~~~~~~~~~~~~~~~~~~
    + CategoryInfo          
    : NotSpecified: (:Stri  
  ng) [], RemoteException
    + FullyQualifiedErrorId 
    : NativeCommandError
 
# >>>>>>>>>>>>>>>>>>>>>> ERR
OR REPORT <<<<<<<<<<<<<<<<<<
<<<<

    Traceback (most recent c
all last):
      File "C:\Users\wenxi\m
iniconda3\Lib\site-packages\
conda\exception_handler.py",
 line 28, in __call__
        return func(*args, *
*kwargs)
               ^^^^^^^^^^^^^
^^^^^^^^
      File "C:\Users\wenxi\m
iniconda3\Lib\site-packages\
conda\cli\main.py", line 61,
 in main_subshell
        exit_code = do_call(
args, parser)
                    ^^^^^^^^
^^^^^^^^^^^^^
      File "C:\Users\wenxi\m
iniconda3\Lib\site-packages\
conda\cli\conda_argparse.py"
, line 205, in do_call
        result = getattr(mod
ule, func_name)(args, parser
)
                 ^^^^^^^^^^^
^^^^^^^^^^^^^^^^^^^^^^^^^^^^
^
      File "C:\Users\wenxi\m
iniconda3\Lib\site-packages\
conda\cli\main_run.py", line
 120, in execute
        print(response.stdou
t, file=sys.stdout)
    UnicodeEncodeError: 'gbk
' codec can't encode charact
er '\ufffd' in position 1: i
llegal multibyte sequence

`$ C:\Users\wenxi\miniconda3
\Scripts\conda-script.py run
 -n alpha_scout python simpl
e_test.py`

  environment variables:
     BUNDLED_DEBUGPY_PATH=c:
\Users\wenxi\.antigravity\ex
tensions\ms-
                          py
thon.debugpy-2025.14.1-win32
-x64\bundled\libs\debugpy
                 CIO_TEST=<n
ot set>
        CONDA_DEFAULT_ENV=ba
se
                CONDA_EXE=C:
\Users\wenxi\miniconda3\Scri
pts\conda.exe
             CONDA_PREFIX=C:
\Users\wenxi\miniconda3
    CONDA_PROMPT_MODIFIER=(b
ase)
         CONDA_PYTHON_EXE=C:
\Users\wenxi\miniconda3\pyth
on.exe
               CONDA_ROOT=C:
\Users\wenxi\miniconda3
              CONDA_SHLVL=1
           CURL_CA_BUNDLE=<n
ot set>
                 HOMEPATH=\U
sers\wenxi
               LD_PRELOAD=<n
ot set>
                     PATH=C:
\Users\wenxi\miniconda3;C:\U
sers\wenxi\miniconda3\Librar
y\mingw-
                          w6
4\bin;C:\Users\wenxi\minicon
da3\Library\usr\bin;C:\Users
\wenxi\minic
                          on
da3\Library\bin;C:\Users\wen
xi\miniconda3\Scripts;C:\Use
rs\wenxi\min
                          ic
onda3\bin;C:\windows\system3
2;C:\windows;C:\windows\Syst
em32\Wbem;C:
                          \w
indows\System32\WindowsPower
Shell\v1.0;C:\windows\System
32\OpenSSH;C
                          :\
Program Files\nodejs;C:\Prog
ram Files\Tailscale;C:\Progr
am
If submitted, this report will be used by core maintainers to improve
future releases of conda.
                          Fi
les\Git\cmd;C:\Program Files
\Git\bin;C:\Users\wenxi\mini
conda3\conda
                          bi
n;C:\Users\wenxi\Desktop\Han
Ocr\mingw-w64-v11.0.0;C:\adb
\platform-to
                          ol
s;C:\Users\wenxi\AppData\Loc
al\Android\Sdk\emulator;c:\U
sers\wenxi\A
                          pp
Data\Local\Programs\Trae\bin
;C:\Users\wenxi\AppData\Loca
l\Microsoft\
                          Wi
ndowsApps;C:\Users\wenxi\App
Data\Local\Programs\Microsof
t VS
                          Co
de\bin;C:\Program Files\Band
izip;C:\Users\wenxi\AppData\
Local\PowerT
                          oy
s;C:\Users\wenxi\AppData\Roa
ming\npm;C:\Users\wenxi\AppD
ata\Local\Pr
                          og
rams\Antigravity\bin;c:\User
s\wenxi\.antigravity\extensi
ons\ms-
                          py
thon.debugpy-2025.14.1-win32
-x64\bundled\scripts\noConfi
gScripts
             PSMODULEPATH=C:
\Users\wenxi\Documents\Windo
wsPowerShell\Modules;C:\Prog
ram Files\Wi
                          nd
owsPowerShell\Modules;C:\win
dows\system32\WindowsPowerSh
ell\v1.0\Mod
                          ul
es
       REQUESTS_CA_BUNDLE=<n
ot set>
            SSL_CERT_FILE=C:
\Users\wenxi\miniconda3\Libr
ary\ssl\cacert.pem

     active environment : ba
se
    active env location : C:
\Users\wenxi\miniconda3
            shell level : 1
       user config file : C:
\Users\wenxi\.condarc
 populated config files : C:
\Users\wenxi\miniconda3\.con
darc
                          C:
\Users\wenxi\.condarc
          conda version : 25
.9.1
    conda-build version : no
t installed
         python version : 3.
12.12.final.0
                 solver : li
bmamba (default)
       virtual packages : __
archspec=1=skylake
                          __
conda=25.9.1=0
                          __
win=10.0.26200=0
       base environment : C:
\Users\wenxi\miniconda3  (wr
itable)
      conda av data dir : C:
\Users\wenxi\miniconda3\etc\
conda
  conda av metadata url : No
ne
           channel URLs : ht
tps://mirrors.tuna.tsinghua.
edu.cn/anaconda/pkgs/main/wi
n-64
                          ht
tps://mirrors.tuna.tsinghua.
edu.cn/anaconda/pkgs/main/no
arch
                          ht
tps://mirrors.tuna.tsinghua.
edu.cn/anaconda/pkgs/r/win-6
4
                          ht
tps://mirrors.tuna.tsinghua.
edu.cn/anaconda/pkgs/r/noarc
h
                          ht
tps://mirrors.tuna.tsinghua.
edu.cn/anaconda/pkgs/msys2/w
in-64
                          ht
tps://mirrors.tuna.tsinghua.
edu.cn/anaconda/pkgs/msys2/n
oarch
          package cache : C:
\Users\wenxi\miniconda3\pkgs
                          C:
\Users\wenxi\.conda\pkgs
                          C:
\Users\wenxi\AppData\Local\c
onda\conda\pkgs
       envs directories : C:
\Users\wenxi\miniconda3\envs
                          C:
\Users\wenxi\.conda\envs
                          C:
\Users\wenxi\AppData\Local\c
onda\conda\envs
               platform : wi
n-64
             user-agent : co
nda/25.9.1 requests/2.32.5 C
Python/3.12.12 Windows/11 Wi
ndows/10.0.26200 solver/libm
amba conda-libmamba-solver/2
5.4.0 libmambapy/2.3.2 aau/0
.7.4 c/. s/. e/.
          administrator : Fa
lse
             netrc file : No
ne
           offline mode : Fa
lse


An unexpected error has occu
rred. Conda has prepared the
 above report.
If you suspect this error is
 being caused by a malfuncti
oning plugin,
consider using the --no-plug
ins option to turn off plugi
ns.

Example: conda --no-plugins 
install <package>

Alternatively, you can set t
he CONDA_NO_PLUGINS environm
ent variable on
the command line to run the 
command without plugins enab
led.

Example: CONDA_NO_PLUGINS=tr
ue conda install <package>

